// Jest Snapshot v1, https://goo.gl/fbAQLP

exports[`<Main> should render correctly 1`] = `
.c0 {
  background-color: aliceblue;
}

.c1 {
  font-size: 20px;
}

<main
  class="c0"
>
  <h1
    class="c1"
  >
    React Avan√ßado
  </h1>
</main>
`;
